// Vitest Snapshot v1, https://vitest.dev/guide/snapshot.html

exports[`hooks > 是否为数字格式 1`] = `3.1415`;
